kiva v0.6.7+develop.cea15551.3 (linux-gnu-64bit)
Copyright (C) 2012-2025 Big Ladder Software LLC
Web: bigladdersoftware.com
<<<<<<< HEAD
Starting Program: 2025-Dec-28 09:30:55.027066
=======
Starting Program: 2025-Dec-28 09:31:43.614627
>>>>>>> 141b033d1 (Merge pull request #70 from mitchute/fix-boundingbox-init)
Creating Domain...
  X Cells: 48
  Y Cells: 1
  Z Cells: 34
  Total Cells: 1632
Initializing Temperatures...
<<<<<<< HEAD
Beginning Simulation...
  2015-Feb-14 17:00:00 (12.2%)
  2015-Dec-31 23:00:00 (100%)
Finished Program: 2025-Dec-28 09:30:56.744152
Elapsed Time: 00:00:01.717086
=======
  2014-May-20 00:00:00
Beginning Simulation...
  2015-Aug-02 17:00:00 (58.6%)
  2015-Dec-31 23:00:00 (100%)
Finished Program: 2025-Dec-28 09:31:45.354984
Elapsed Time: 00:00:01.740357
>>>>>>> 141b033d1 (Merge pull request #70 from mitchute/fix-boundingbox-init)
