kiva v0.6.7+develop.05704fe8.5 (linux-gnu-64bit)
Copyright (C) 2012-2026 Big Ladder Software LLC
Web: bigladdersoftware.com
<<<<<<< HEAD
Starting Program: 2026-Jun-21 11:53:14.598265
=======
Starting Program: 2026-Jun-21 11:53:38.823994
>>>>>>> 8fec395ef (Merge pull request #72 from bigladder/perimeter-surface-width)
Creating Domain...
  X Cells: 41
  Y Cells: 1
  Z Cells: 55
  Total Cells: 2255
Initializing Temperatures...
<<<<<<< HEAD
  2014-Apr-15 16:00:00
Beginning Simulation...
  2015-Mar-13 06:00:00 (19.5%)
  2015-Dec-31 23:00:00 (100%)
Finished Program: 2026-Jun-21 11:53:16.926383
Elapsed Time: 00:00:02.328118
=======
  2014-Jan-30 21:00:00
  2014-Dec-29 07:00:00
Beginning Simulation...
  2015-Nov-11 08:00:00 (86.1%)
  2015-Dec-31 23:00:00 (100%)
Finished Program: 2026-Jun-21 11:53:41.159222
Elapsed Time: 00:00:02.335228
>>>>>>> 8fec395ef (Merge pull request #72 from bigladder/perimeter-surface-width)
