<<<<<<< HEAD
kiva v0.6.6+reduce_boost.c06ad61b.23 (mac-appleclang-64bit)
Copyright (C) 2012-2024 Big Ladder Software LLC
Web: bigladdersoftware.com
Starting Program: 2024-Jul-29 14:55:11.670181
=======
kiva v0.6.6+reduce_boost.c522c49b.24 (mac-appleclang-64bit)
Copyright (C) 2012-2024 Big Ladder Software LLC
Web: bigladdersoftware.com
Starting Program: 2024-Jul-29 14:55:27.086192
>>>>>>> 85cf3dd81 (Fix coverage build. [mac-appleclang-64bit])
Creating Domain...
  X Cells: 41
  Y Cells: 1
  Z Cells: 55
  Total Cells: 2255
Initializing Temperatures...
<<<<<<< HEAD
  2014-Feb-22 17:00:00
Beginning Simulation...
  2015-Jan-24 22:00:00 (6.6%)
  2015-Nov-24 17:00:00 (89.8%)
  2015-Dec-31 23:00:00 (100%)
Finished Program: 2024-Jul-29 14:55:14.122626
Elapsed Time: 00:00:02.452445
=======
  2014-Oct-29 03:00:00
Beginning Simulation...
  2015-Oct-04 01:00:00 (75.6%)
  2015-Dec-31 23:00:00 (100%)
Finished Program: 2024-Jul-29 14:55:29.286565
Elapsed Time: 00:00:02.200373
>>>>>>> 85cf3dd81 (Fix coverage build. [mac-appleclang-64bit])
