kiva v0.6.7+develop.05704fe8.5 (linux-gnu-64bit)
Copyright (C) 2012-2026 Big Ladder Software LLC
Web: bigladdersoftware.com
<<<<<<< HEAD
Starting Program: 2026-May-24 10:48:53.713247
=======
Starting Program: 2026-May-24 10:49:31.626939
>>>>>>> a4341c1e8 (Merge pull request #72 from bigladder/perimeter-surface-width)
Creating Domain...
  X Cells: 41
  Y Cells: 1
  Z Cells: 50
  Total Cells: 2050
Initializing Temperatures...
<<<<<<< HEAD
  2014-Mar-13 10:00:00
Beginning Simulation...
  2015-Mar-17 17:00:00 (20.7%)
  2015-Dec-31 23:00:00 (100%)
Finished Program: 2026-May-24 10:48:55.822274
Elapsed Time: 00:00:02.109027
=======
  2014-Apr-13 01:00:00
Beginning Simulation...
  2015-Apr-08 00:00:00 (26.6%)
  2015-Dec-31 23:00:00 (100%)
Finished Program: 2026-May-24 10:49:33.783190
Elapsed Time: 00:00:02.156251
>>>>>>> a4341c1e8 (Merge pull request #72 from bigladder/perimeter-surface-width)
